// Jest Snapshot v1, https://goo.gl/fbAQLP

exports[`<SidebarLayout> renders correctly 1`] = `
<div
  className="container-fluid"
>
  <div
    className="row"
  >
    <div
      className="contentContainer notCentered col-lg-6 col-lg-offset-2 col-md-8"
    />
    <div
      className="sidebarContainer col-lg-3 col-md-4"
    >
      <aside
        className="sidebar"
      />
    </div>
  </div>
</div>
`;
